// Jest Snapshot v1, https://goo.gl/fbAQLP

exports[`Check if the component has changed 1`] = `
<div
  className="container"
  data-testid="main-container"
>
  <div
    className="missions"
  >
    <h1>
      My Missions
    </h1>
    <ul
      className="rocket-list"
    />
  </div>
  <div
    className="rockets"
  >
    <h1>
      My Rockets
    </h1>
    <ul
      className="rocket-list"
    />
  </div>
</div>
`;
